Mon Sep 28 02:10:00 PM EDT 2026
/bin/sh: line 1: cd: /homme/roguemew/git/Disney-Wait-Time-Historical: No such file or directory
Mon Sep 28 02:15:00 PM EDT 2026
Park times are 2026-09-28 09:00:00-04:00 - 2026-09-28 21:00:00-04:00
Saving Hollywood Studios as a csv
Park times are 2026-09-28 08:00:00-04:00 - 2026-09-28 18:00:00-04:00
Saving Animal Kingdom as a csv
Park times are 2026-09-28 09:00:00-04:00 - 2026-09-28 22:00:00-04:00
Saving Magic Kingdom as a csv
Park times are 2026-09-28 09:00:00-04:00 - 2026-09-28 21:00:00-04:00
Saving EPCOT as a csv
Time taken is 5.821064546999878 seconds
Mon Sep 28 02:20:00 PM EDT 2026
Park times are 2026-09-28 09:00:00-04:00 - 2026-09-28 21:00:00-04:00
Saving Hollywood Studios as a csv
Park times are 2026-09-28 08:00:00-04:00 - 2026-09-28 18:00:00-04:00
Saving Animal Kingdom as a csv
Park times are 2026-09-28 09:00:00-04:00 - 2026-09-28 22:00:00-04:00
Saving Magic Kingdom as a csv
Park times are 2026-09-28 09:00:00-04:00 - 2026-09-28 21:00:00-04:00
Saving EPCOT as a csv
Time taken is 6.798853313000109 seconds
Mon Sep 28 02:25:00 PM EDT 2026
Park times are 2026-09-28 09:00:00-04:00 - 2026-09-28 21:00:00-04:00
Saving Hollywood Studios as a csv
Park times are 2026-09-28 08:00:00-04:00 - 2026-09-28 18:00:00-04:00
Saving Animal Kingdom as a csv
Park times are 2026-09-28 09:00:00-04:00 - 2026-09-28 22:00:00-04:00
Saving Magic Kingdom as a csv
Park times are 2026-09-28 09:00:00-04:00 - 2026-09-28 21:00:00-04:00
Saving EPCOT as a csv
Time taken is 6.221606212999177 seconds
Mon Sep 28 02:30:01 PM EDT 2026
Park times are 2026-09-28 09:00:00-04:00 - 2026-09-28 21:00:00-04:00
Saving Hollywood Studios as a csv
Park times are 2026-09-28 08:00:00-04:00 - 2026-09-28 18:00:00-04:00
Saving Animal Kingdom as a csv
Park times are 2026-09-28 09:00:00-04:00 - 2026-09-28 22:00:00-04:00
Saving Magic Kingdom as a csv
Park times are 2026-09-28 09:00:00-04:00 - 2026-09-28 21:00:00-04:00
Saving EPCOT as a csv
Time taken is 6.921056577000854 seconds
Mon Sep 28 02:35:00 PM EDT 2026
Park times are 2026-09-28 09:00:00-04:00 - 2026-09-28 21:00:00-04:00
Saving Hollywood Studios as a csv
Park times are 2026-09-28 08:00:00-04:00 - 2026-09-28 18:00:00-04:00
Saving Animal Kingdom as a csv
Park times are 2026-09-28 09:00:00-04:00 - 2026-09-28 22:00:00-04:00
Saving Magic Kingdom as a csv
Park times are 2026-09-28 09:00:00-04:00 - 2026-09-28 21:00:00-04:00
Saving EPCOT as a csv
Time taken is 6.332985316999839 seconds
Mon Sep 28 02:40:00 PM EDT 2026
Park times are 2026-09-28 09:00:00-04:00 - 2026-09-28 21:00:00-04:00
Saving Hollywood Studios as a csv
Park times are 2026-09-28 08:00:00-04:00 - 2026-09-28 18:00:00-04:00
Saving Animal Kingdom as a csv
Park times are 2026-09-28 09:00:00-04:00 - 2026-09-28 22:00:00-04:00
Saving Magic Kingdom as a csv
Park times are 2026-09-28 09:00:00-04:00 - 2026-09-28 21:00:00-04:00
Saving EPCOT as a csv
Time taken is 6.215728780000063 seconds
Mon Sep 28 02:45:00 PM EDT 2026
Park times are 2026-09-28 09:00:00-04:00 - 2026-09-28 21:00:00-04:00
Saving Hollywood Studios as a csv
Park times are 2026-09-28 08:00:00-04:00 - 2026-09-28 18:00:00-04:00
Saving Animal Kingdom as a csv
Park times are 2026-09-28 09:00:00-04:00 - 2026-09-28 22:00:00-04:00
Saving Magic Kingdom as a csv
Park times are 2026-09-28 09:00:00-04:00 - 2026-09-28 21:00:00-04:00
Saving EPCOT as a csv
Time taken is 5.871269248998942 seconds
Mon Sep 28 02:50:00 PM EDT 2026
Park times are 2026-09-28 09:00:00-04:00 - 2026-09-28 21:00:00-04:00
Saving Hollywood Studios as a csv
Park times are 2026-09-28 08:00:00-04:00 - 2026-09-28 18:00:00-04:00
Saving Animal Kingdom as a csv
Park times are 2026-09-28 09:00:00-04:00 - 2026-09-28 22:00:00-04:00
Saving Magic Kingdom as a csv
Park times are 2026-09-28 09:00:00-04:00 - 2026-09-28 21:00:00-04:00
Saving EPCOT as a csv
Time taken is 5.694039109001096 seconds
Mon Sep 28 02:55:00 PM EDT 2026
Park times are 2026-09-28 09:00:00-04:00 - 2026-09-28 21:00:00-04:00
Saving Hollywood Studios as a csv
Park times are 2026-09-28 08:00:00-04:00 - 2026-09-28 18:00:00-04:00
Saving Animal Kingdom as a csv
Park times are 2026-09-28 09:00:00-04:00 - 2026-09-28 22:00:00-04:00
Saving Magic Kingdom as a csv
Park times are 2026-09-28 09:00:00-04:00 - 2026-09-28 21:00:00-04:00
Saving EPCOT as a csv
Time taken is 5.066938739999387 seconds
Mon Sep 28 03:00:00 PM EDT 2026
Park times are 2026-09-28 09:00:00-04:00 - 2026-09-28 21:00:00-04:00
Saving Hollywood Studios as a csv
Park times are 2026-09-28 08:00:00-04:00 - 2026-09-28 18:00:00-04:00
Saving Animal Kingdom as a csv
Park times are 2026-09-28 09:00:00-04:00 - 2026-09-28 22:00:00-04:00
Saving Magic Kingdom as a csv
Park times are 2026-09-28 09:00:00-04:00 - 2026-09-28 21:00:00-04:00
Saving EPCOT as a csv
Time taken is 6.395423518999451 seconds
Mon Sep 28 03:05:00 PM EDT 2026
Park times are 2026-09-28 09:00:00-04:00 - 2026-09-28 21:00:00-04:00
Saving Hollywood Studios as a csv
Park times are 2026-09-28 08:00:00-04:00 - 2026-09-28 18:00:00-04:00
Saving Animal Kingdom as a csv
Park times are 2026-09-28 09:00:00-04:00 - 2026-09-28 22:00:00-04:00
Saving Magic Kingdom as a csv
Park times are 2026-09-28 09:00:00-04:00 - 2026-09-28 21:00:00-04:00
Saving EPCOT as a csv
Time taken is 11.377802271999826 seconds
Mon Sep 28 03:10:00 PM EDT 2026
Park times are 2026-09-28 09:00:00-04:00 - 2026-09-28 21:00:00-04:00
Saving Hollywood Studios as a csv
Park times are 2026-09-28 08:00:00-04:00 - 2026-09-28 18:00:00-04:00
Saving Animal Kingdom as a csv
Park times are 2026-09-28 09:00:00-04:00 - 2026-09-28 22:00:00-04:00
Saving Magic Kingdom as a csv
Park times are 2026-09-28 09:00:00-04:00 - 2026-09-28 21:00:00-04:00
Saving EPCOT as a csv
Time taken is 5.990427254000679 seconds
Mon Sep 28 03:15:00 PM EDT 2026
Park times are 2026-09-28 09:00:00-04:00 - 2026-09-28 21:00:00-04:00
Saving Hollywood Studios as a csv
Park times are 2026-09-28 08:00:00-04:00 - 2026-09-28 18:00:00-04:00
Saving Animal Kingdom as a csv
Park times are 2026-09-28 09:00:00-04:00 - 2026-09-28 22:00:00-04:00
Saving Magic Kingdom as a csv
Park times are 2026-09-28 09:00:00-04:00 - 2026-09-28 21:00:00-04:00
Saving EPCOT as a csv
Time taken is 5.60950385400065 seconds
Mon Sep 28 03:20:00 PM EDT 2026
Park times are 2026-09-28 09:00:00-04:00 - 2026-09-28 21:00:00-04:00
Saving Hollywood Studios as a csv
Park times are 2026-09-28 08:00:00-04:00 - 2026-09-28 18:00:00-04:00
Saving Animal Kingdom as a csv
Park times are 2026-09-28 09:00:00-04:00 - 2026-09-28 22:00:00-04:00
Saving Magic Kingdom as a csv
Park times are 2026-09-28 09:00:00-04:00 - 2026-09-28 21:00:00-04:00
Saving EPCOT as a csv
Time taken is 6.587549224001123 seconds
Mon Sep 28 03:25:00 PM EDT 2026
Park times are 2026-09-28 09:00:00-04:00 - 2026-09-28 21:00:00-04:00
Saving Hollywood Studios as a csv
Park times are 2026-09-28 08:00:00-04:00 - 2026-09-28 18:00:00-04:00
Saving Animal Kingdom as a csv
Park times are 2026-09-28 09:00:00-04:00 - 2026-09-28 22:00:00-04:00
Saving Magic Kingdom as a csv
Park times are 2026-09-28 09:00:00-04:00 - 2026-09-28 21:00:00-04:00
Saving EPCOT as a csv
Time taken is 6.411506214999463 seconds
Mon Sep 28 03:30:00 PM EDT 2026
Park times are 2026-09-28 09:00:00-04:00 - 2026-09-28 21:00:00-04:00
Saving Hollywood Studios as a csv
Park times are 2026-09-28 08:00:00-04:00 - 2026-09-28 18:00:00-04:00
Saving Animal Kingdom as a csv
Park times are 2026-09-28 09:00:00-04:00 - 2026-09-28 22:00:00-04:00
Saving Magic Kingdom as a csv
Park times are 2026-09-28 09:00:00-04:00 - 2026-09-28 21:00:00-04:00
Saving EPCOT as a csv
Time taken is 5.572741291000057 seconds
Mon Sep 28 03:35:00 PM EDT 2026
Park times are 2026-09-28 09:00:00-04:00 - 2026-09-28 21:00:00-04:00
Saving Hollywood Studios as a csv
Park times are 2026-09-28 08:00:00-04:00 - 2026-09-28 18:00:00-04:00
Saving Animal Kingdom as a csv
Park times are 2026-09-28 09:00:00-04:00 - 2026-09-28 22:00:00-04:00
Saving Magic Kingdom as a csv
Park times are 2026-09-28 09:00:00-04:00 - 2026-09-28 21:00:00-04:00
Saving EPCOT as a csv
Time taken is 6.31687421999959 seconds
Mon Sep 28 03:40:00 PM EDT 2026
Park times are 2026-09-28 09:00:00-04:00 - 2026-09-28 21:00:00-04:00
Saving Hollywood Studios as a csv
Park times are 2026-09-28 08:00:00-04:00 - 2026-09-28 18:00:00-04:00
Saving Animal Kingdom as a csv
Park times are 2026-09-28 09:00:00-04:00 - 2026-09-28 22:00:00-04:00
Saving Magic Kingdom as a csv
Park times are 2026-09-28 09:00:00-04:00 - 2026-09-28 21:00:00-04:00
Saving EPCOT as a csv
Time taken is 5.5789902140004415 seconds
Mon Sep 28 03:45:00 PM EDT 2026
Park times are 2026-09-28 09:00:00-04:00 - 2026-09-28 21:00:00-04:00
Saving Hollywood Studios as a csv
Park times are 2026-09-28 08:00:00-04:00 - 2026-09-28 18:00:00-04:00
Saving Animal Kingdom as a csv
Park times are 2026-09-28 09:00:00-04:00 - 2026-09-28 22:00:00-04:00
Saving Magic Kingdom as a csv
Park times are 2026-09-28 09:00:00-04:00 - 2026-09-28 21:00:00-04:00
Saving EPCOT as a csv
Time taken is 5.504964836998624 seconds
Mon Sep 28 03:50:00 PM EDT 2026
Park times are 2026-09-28 09:00:00-04:00 - 2026-09-28 21:00:00-04:00
Saving Hollywood Studios as a csv
Park times are 2026-09-28 08:00:00-04:00 - 2026-09-28 18:00:00-04:00
Saving Animal Kingdom as a csv
Park times are 2026-09-28 09:00:00-04:00 - 2026-09-28 22:00:00-04:00
Saving Magic Kingdom as a csv
Park times are 2026-09-28 09:00:00-04:00 - 2026-09-28 21:00:00-04:00
Saving EPCOT as a csv
Time taken is 5.622829842999636 seconds
Mon Sep 28 03:57:14 PM EDT 2026
Park times are 2026-09-28 09:00:00-04:00 - 2026-09-28 21:00:00-04:00
Saving Hollywood Studios as a csv
Park times are 2026-09-28 08:00:00-04:00 - 2026-09-28 18:00:00-04:00
Saving Animal Kingdom as a csv
Park times are 2026-09-28 09:00:00-04:00 - 2026-09-28 22:00:00-04:00
Saving Magic Kingdom as a csv
Park times are 2026-09-28 09:00:00-04:00 - 2026-09-28 21:00:00-04:00
Saving EPCOT as a csv
Time taken is 5.183046618001754 seconds
Mon Sep 28 04:00:00 PM EDT 2026
Park times are 2026-09-28 09:00:00-04:00 - 2026-09-28 21:00:00-04:00
Saving Hollywood Studios as a csv
Park times are 2026-09-28 08:00:00-04:00 - 2026-09-28 18:00:00-04:00
Saving Animal Kingdom as a csv
Park times are 2026-09-28 09:00:00-04:00 - 2026-09-28 22:00:00-04:00
Saving Magic Kingdom as a csv
Park times are 2026-09-28 09:00:00-04:00 - 2026-09-28 21:00:00-04:00
Saving EPCOT as a csv
Time taken is 6.488640579998901 seconds
Mon Sep 28 04:05:00 PM EDT 2026
Park times are 2026-09-28 09:00:00-04:00 - 2026-09-28 21:00:00-04:00
Saving Hollywood Studios as a csv
Park times are 2026-09-28 08:00:00-04:00 - 2026-09-28 18:00:00-04:00
Saving Animal Kingdom as a csv
Park times are 2026-09-28 09:00:00-04:00 - 2026-09-28 22:00:00-04:00
Saving Magic Kingdom as a csv
Park times are 2026-09-28 09:00:00-04:00 - 2026-09-28 21:00:00-04:00
Saving EPCOT as a csv
Time taken is 6.673390473999461 seconds
Mon Sep 28 04:10:00 PM EDT 2026
Park times are 2026-09-28 09:00:00-04:00 - 2026-09-28 21:00:00-04:00
Saving Hollywood Studios as a csv
Park times are 2026-09-28 08:00:00-04:00 - 2026-09-28 18:00:00-04:00
Saving Animal Kingdom as a csv
Park times are 2026-09-28 09:00:00-04:00 - 2026-09-28 22:00:00-04:00
Saving Magic Kingdom as a csv
Park times are 2026-09-28 09:00:00-04:00 - 2026-09-28 21:00:00-04:00
Saving EPCOT as a csv
Time taken is 9.100543900998673 seconds
Mon Sep 28 04:15:01 PM EDT 2026
Park times are 2026-09-28 09:00:00-04:00 - 2026-09-28 21:00:00-04:00
Saving Hollywood Studios as a csv
Park times are 2026-09-28 08:00:00-04:00 - 2026-09-28 18:00:00-04:00
Saving Animal Kingdom as a csv
Park times are 2026-09-28 09:00:00-04:00 - 2026-09-28 22:00:00-04:00
Saving Magic Kingdom as a csv
Park times are 2026-09-28 09:00:00-04:00 - 2026-09-28 21:00:00-04:00
Saving EPCOT as a csv
Time taken is 5.653969347000384 seconds
Mon Sep 28 04:20:00 PM EDT 2026
Park times are 2026-09-28 09:00:00-04:00 - 2026-09-28 21:00:00-04:00
Saving Hollywood Studios as a csv
Park times are 2026-09-28 08:00:00-04:00 - 2026-09-28 18:00:00-04:00
Saving Animal Kingdom as a csv
Park times are 2026-09-28 09:00:00-04:00 - 2026-09-28 22:00:00-04:00
Saving Magic Kingdom as a csv
Park times are 2026-09-28 09:00:00-04:00 - 2026-09-28 21:00:00-04:00
Saving EPCOT as a csv
Time taken is 5.504248434999681 seconds
Mon Sep 28 04:25:00 PM EDT 2026
Park times are 2026-09-28 09:00:00-04:00 - 2026-09-28 21:00:00-04:00
Saving Hollywood Studios as a csv
Park times are 2026-09-28 08:00:00-04:00 - 2026-09-28 18:00:00-04:00
Saving Animal Kingdom as a csv
Park times are 2026-09-28 09:00:00-04:00 - 2026-09-28 22:00:00-04:00
Saving Magic Kingdom as a csv
Park times are 2026-09-28 09:00:00-04:00 - 2026-09-28 21:00:00-04:00
Saving EPCOT as a csv
Time taken is 5.51049580200015 seconds
Mon Sep 28 04:30:00 PM EDT 2026
Park times are 2026-09-28 09:00:00-04:00 - 2026-09-28 21:00:00-04:00
Saving Hollywood Studios as a csv
Park times are 2026-09-28 08:00:00-04:00 - 2026-09-28 18:00:00-04:00
Saving Animal Kingdom as a csv
Park times are 2026-09-28 09:00:00-04:00 - 2026-09-28 22:00:00-04:00
Saving Magic Kingdom as a csv
Park times are 2026-09-28 09:00:00-04:00 - 2026-09-28 21:00:00-04:00
Saving EPCOT as a csv
Time taken is 6.7585703389995615 seconds
Mon Sep 28 04:35:00 PM EDT 2026
Park times are 2026-09-28 09:00:00-04:00 - 2026-09-28 21:00:00-04:00
Saving Hollywood Studios as a csv
Park times are 2026-09-28 08:00:00-04:00 - 2026-09-28 18:00:00-04:00
Saving Animal Kingdom as a csv
Park times are 2026-09-28 09:00:00-04:00 - 2026-09-28 22:00:00-04:00
Saving Magic Kingdom as a csv
Park times are 2026-09-28 09:00:00-04:00 - 2026-09-28 21:00:00-04:00
Saving EPCOT as a csv
Time taken is 5.149920317999204 seconds
Mon Sep 28 04:40:00 PM EDT 2026
Park times are 2026-09-28 09:00:00-04:00 - 2026-09-28 21:00:00-04:00
Saving Hollywood Studios as a csv
Park times are 2026-09-28 08:00:00-04:00 - 2026-09-28 18:00:00-04:00
Saving Animal Kingdom as a csv
Park times are 2026-09-28 09:00:00-04:00 - 2026-09-28 22:00:00-04:00
Saving Magic Kingdom as a csv
Park times are 2026-09-28 09:00:00-04:00 - 2026-09-28 21:00:00-04:00
Saving EPCOT as a csv
Time taken is 139.91716391500086 seconds
Mon Sep 28 04:45:00 PM EDT 2026
Park times are 2026-09-28 09:00:00-04:00 - 2026-09-28 21:00:00-04:00
Saving Hollywood Studios as a csv
Park times are 2026-09-28 08:00:00-04:00 - 2026-09-28 18:00:00-04:00
Saving Animal Kingdom as a csv
Park times are 2026-09-28 09:00:00-04:00 - 2026-09-28 22:00:00-04:00
Saving Magic Kingdom as a csv
Park times are 2026-09-28 09:00:00-04:00 - 2026-09-28 21:00:00-04:00
Saving EPCOT as a csv
Time taken is 5.882599067001138 seconds
Mon Sep 28 04:50:00 PM EDT 2026
Park times are 2026-09-28 09:00:00-04:00 - 2026-09-28 21:00:00-04:00
Saving Hollywood Studios as a csv
Park times are 2026-09-28 08:00:00-04:00 - 2026-09-28 18:00:00-04:00
Saving Animal Kingdom as a csv
Park times are 2026-09-28 09:00:00-04:00 - 2026-09-28 22:00:00-04:00
Saving Magic Kingdom as a csv
Park times are 2026-09-28 09:00:00-04:00 - 2026-09-28 21:00:00-04:00
Saving EPCOT as a csv
Time taken is 5.182172408000042 seconds
Mon Sep 28 04:55:00 PM EDT 2026
Park times are 2026-09-28 09:00:00-04:00 - 2026-09-28 21:00:00-04:00
Saving Hollywood Studios as a csv
Park times are 2026-09-28 08:00:00-04:00 - 2026-09-28 18:00:00-04:00
Saving Animal Kingdom as a csv
Park times are 2026-09-28 09:00:00-04:00 - 2026-09-28 22:00:00-04:00
Saving Magic Kingdom as a csv
Park times are 2026-09-28 09:00:00-04:00 - 2026-09-28 21:00:00-04:00
Saving EPCOT as a csv
Time taken is 5.823150014999555 seconds
Mon Sep 28 05:00:00 PM EDT 2026
Park times are 2026-09-28 09:00:00-04:00 - 2026-09-28 21:00:00-04:00
Saving Hollywood Studios as a csv
Park times are 2026-09-28 08:00:00-04:00 - 2026-09-28 18:00:00-04:00
Saving Animal Kingdom as a csv
Park times are 2026-09-28 09:00:00-04:00 - 2026-09-28 22:00:00-04:00
Saving Magic Kingdom as a csv
Park times are 2026-09-28 09:00:00-04:00 - 2026-09-28 21:00:00-04:00
Saving EPCOT as a csv
Time taken is 6.705072668999492 seconds
Mon Sep 28 05:05:00 PM EDT 2026
Park times are 2026-09-28 09:00:00-04:00 - 2026-09-28 21:00:00-04:00
Saving Hollywood Studios as a csv
Park times are 2026-09-28 08:00:00-04:00 - 2026-09-28 18:00:00-04:00
Saving Animal Kingdom as a csv
Park times are 2026-09-28 09:00:00-04:00 - 2026-09-28 22:00:00-04:00
Saving Magic Kingdom as a csv
Park times are 2026-09-28 09:00:00-04:00 - 2026-09-28 21:00:00-04:00
Saving EPCOT as a csv
Time taken is 5.605227661002573 seconds
Mon Sep 28 05:10:00 PM EDT 2026
Park times are 2026-09-28 09:00:00-04:00 - 2026-09-28 21:00:00-04:00
Saving Hollywood Studios as a csv
Park times are 2026-09-28 08:00:00-04:00 - 2026-09-28 18:00:00-04:00
Saving Animal Kingdom as a csv
Park times are 2026-09-28 09:00:00-04:00 - 2026-09-28 22:00:00-04:00
Saving Magic Kingdom as a csv
Park times are 2026-09-28 09:00:00-04:00 - 2026-09-28 21:00:00-04:00
Saving EPCOT as a csv
Time taken is 9.879663342999265 seconds
Mon Sep 28 05:15:00 PM EDT 2026
Park times are 2026-09-28 09:00:00-04:00 - 2026-09-28 21:00:00-04:00
Saving Hollywood Studios as a csv
Park times are 2026-09-28 08:00:00-04:00 - 2026-09-28 18:00:00-04:00
Saving Animal Kingdom as a csv
Park times are 2026-09-28 09:00:00-04:00 - 2026-09-28 22:00:00-04:00
Saving Magic Kingdom as a csv
Park times are 2026-09-28 09:00:00-04:00 - 2026-09-28 21:00:00-04:00
Saving EPCOT as a csv
Time taken is 5.832991498999036 seconds
Mon Sep 28 05:20:00 PM EDT 2026
Park times are 2026-09-28 09:00:00-04:00 - 2026-09-28 21:00:00-04:00
Saving Hollywood Studios as a csv
Park times are 2026-09-28 08:00:00-04:00 - 2026-09-28 18:00:00-04:00
Saving Animal Kingdom as a csv
Park times are 2026-09-28 09:00:00-04:00 - 2026-09-28 22:00:00-04:00
Saving Magic Kingdom as a csv
Park times are 2026-09-28 09:00:00-04:00 - 2026-09-28 21:00:00-04:00
Saving EPCOT as a csv
Time taken is 5.496940255998197 seconds
Mon Sep 28 05:25:00 PM EDT 2026
Park times are 2026-09-28 09:00:00-04:00 - 2026-09-28 21:00:00-04:00
Saving Hollywood Studios as a csv
Park times are 2026-09-28 08:00:00-04:00 - 2026-09-28 18:00:00-04:00
Saving Animal Kingdom as a csv
Park times are 2026-09-28 09:00:00-04:00 - 2026-09-28 22:00:00-04:00
Saving Magic Kingdom as a csv
Park times are 2026-09-28 09:00:00-04:00 - 2026-09-28 21:00:00-04:00
Saving EPCOT as a csv
Time taken is 5.270541109999613 seconds
Mon Sep 28 05:30:00 PM EDT 2026
Park times are 2026-09-28 09:00:00-04:00 - 2026-09-28 21:00:00-04:00
Saving Hollywood Studios as a csv
Park times are 2026-09-28 08:00:00-04:00 - 2026-09-28 18:00:00-04:00
Saving Animal Kingdom as a csv
Park times are 2026-09-28 09:00:00-04:00 - 2026-09-28 22:00:00-04:00
Saving Magic Kingdom as a csv
Park times are 2026-09-28 09:00:00-04:00 - 2026-09-28 21:00:00-04:00
Saving EPCOT as a csv
Time taken is 6.3192322950017115 seconds
Mon Sep 28 05:35:01 PM EDT 2026
Park times are 2026-09-28 09:00:00-04:00 - 2026-09-28 21:00:00-04:00
Saving Hollywood Studios as a csv
Park times are 2026-09-28 08:00:00-04:00 - 2026-09-28 18:00:00-04:00
Saving Animal Kingdom as a csv
Park times are 2026-09-28 09:00:00-04:00 - 2026-09-28 22:00:00-04:00
Saving Magic Kingdom as a csv
Park times are 2026-09-28 09:00:00-04:00 - 2026-09-28 21:00:00-04:00
Saving EPCOT as a csv
Time taken is 5.498647809999966 seconds
Mon Sep 28 05:40:00 PM EDT 2026
Park times are 2026-09-28 09:00:00-04:00 - 2026-09-28 21:00:00-04:00
Saving Hollywood Studios as a csv
Park times are 2026-09-28 08:00:00-04:00 - 2026-09-28 18:00:00-04:00
Saving Animal Kingdom as a csv
Park times are 2026-09-28 09:00:00-04:00 - 2026-09-28 22:00:00-04:00
Saving Magic Kingdom as a csv
Park times are 2026-09-28 09:00:00-04:00 - 2026-09-28 21:00:00-04:00
Saving EPCOT as a csv
Time taken is 5.510836946999916 seconds
Mon Sep 28 05:45:00 PM EDT 2026
Park times are 2026-09-28 09:00:00-04:00 - 2026-09-28 21:00:00-04:00
Saving Hollywood Studios as a csv
Park times are 2026-09-28 08:00:00-04:00 - 2026-09-28 18:00:00-04:00
Saving Animal Kingdom as a csv
Park times are 2026-09-28 09:00:00-04:00 - 2026-09-28 22:00:00-04:00
Saving Magic Kingdom as a csv
Park times are 2026-09-28 09:00:00-04:00 - 2026-09-28 21:00:00-04:00
Saving EPCOT as a csv
Time taken is 5.226011983999342 seconds
Mon Sep 28 05:50:00 PM EDT 2026
Park times are 2026-09-28 09:00:00-04:00 - 2026-09-28 21:00:00-04:00
Saving Hollywood Studios as a csv
Park times are 2026-09-28 08:00:00-04:00 - 2026-09-28 18:00:00-04:00
Saving Animal Kingdom as a csv
Park times are 2026-09-28 09:00:00-04:00 - 2026-09-28 22:00:00-04:00
Saving Magic Kingdom as a csv
Park times are 2026-09-28 09:00:00-04:00 - 2026-09-28 21:00:00-04:00
Saving EPCOT as a csv
Time taken is 5.108334448999813 seconds
Mon Sep 28 05:55:00 PM EDT 2026
Park times are 2026-09-28 09:00:00-04:00 - 2026-09-28 21:00:00-04:00
Saving Hollywood Studios as a csv
Park times are 2026-09-28 08:00:00-04:00 - 2026-09-28 18:00:00-04:00
Saving Animal Kingdom as a csv
Park times are 2026-09-28 09:00:00-04:00 - 2026-09-28 22:00:00-04:00
Saving Magic Kingdom as a csv
Park times are 2026-09-28 09:00:00-04:00 - 2026-09-28 21:00:00-04:00
Saving EPCOT as a csv
Time taken is 5.573560919998272 seconds
Mon Sep 28 06:00:00 PM EDT 2026
Park times are 2026-09-28 09:00:00-04:00 - 2026-09-28 21:00:00-04:00
Saving Hollywood Studios as a csv
Park times are 2026-09-28 08:00:00-04:00 - 2026-09-28 18:00:00-04:00
Animal Kingdom is closed at 2026-09-28 18:00:00-04:00
Park times are 2026-09-28 09:00:00-04:00 - 2026-09-28 22:00:00-04:00
Saving Magic Kingdom as a csv
Park times are 2026-09-28 09:00:00-04:00 - 2026-09-28 21:00:00-04:00
Saving EPCOT as a csv
Time taken is 5.539556529001857 seconds
